[www.albayan.ae/news/uae/education/40143.html]
[backblue.gif]
[fade.gif]
[index.html]
[www.albayan.ae/apple-touch-icon.png]
[www.albayan.ae/assets/images/2025/04/18/4752616.jpg]
[www.albayan.ae/_next/static/css/48858fcb97d7ac55.css]
[www.albayan.ae/_next/static/css/1a959bb3eb592212.css]
[www.albayan.ae/_next/static/chunks/polyfills-78c92fac7aa8fdd8.js]
[www.albayan.ae/_next/static/chunks/webpack-15e4d686a2f0d2c7.js]
[www.albayan.ae/_next/static/chunks/framework-0995a3e8436ddc4f.js]
[www.albayan.ae/_next/static/chunks/main-2e36dc615c290c0b.js]
[www.albayan.ae/_next/static/chunks/pages/_app-97dd25ba7e2af4a0.js]
[www.albayan.ae/_next/static/chunks/36d2f571-b6c4a1b8fb3f7f35.js]
[www.albayan.ae/_next/static/chunks/590-1e9cef6c9d774fac.js]
[www.albayan.ae/_next/static/chunks/8239-3089d2302c38684a.js]
[www.albayan.ae/_next/static/chunks/3294-a7bb5afc4eb4bb93.js]
[www.albayan.ae/_next/static/chunks/6161-6762a5f6571a7777.js]
[www.albayan.ae/_next/static/chunks/21-8d7e22ba8556e7fb.js]
[www.albayan.ae/_next/static/chunks/2275-4475953898f526a7.js]
[www.albayan.ae/_next/static/chunks/1007-0bbaab323f1095a8.js]
[www.albayan.ae/_next/static/chunks/9191-f375141958ab32d3.js]
[www.albayan.ae/_next/static/chunks/pages/[section_name]/[sub_section_name]/[sub_sub_section_name]/[article_slug]-5af1e79565ae17b2.js]
[www.albayan.ae/_next/static/866df20/_buildManifest.js]
[www.albayan.ae/_next/static/866df20/_ssgManifest.js]
[www.albayan.ae/assets/authors/64_1727667066.jpg]
[www.albayan.ae/_next/static/media/get-app-huawei.6c00e344.png]
[www.albayan.ae/_next/static/media/get-app-ios.380bc858.png]
[www.albayan.ae/_next/static/media/get-app-android.00e8ac2a.png]
[www.albayan.ae/_next/static/media/dubai-media-logo.1215a104.png]
[www.albayan.ae/_next/static/media/happiness-icon.8ec72523.png]
[www.albayan.ae/news/uae/education/40143.html]
[www.albayan.ae/_next/static/media/event_banner.01bcdd6b.jpg]
[media.albayan.ae/res/img/contactdivderbg.jpg]
[www.albayan.ae/_next/static/css/48858fcb97d7ac55.css]
[www.albayan.ae/_next/static/css/1a959bb3eb592212.css]
